// Jest Snapshot v1, https://goo.gl/fbAQLP

exports[`CafeCard Component matches the snapshot 1`] = `
<View
  accessibilityState={
    {
      "busy": undefined,
      "checked": undefined,
      "disabled": undefined,
      "expanded": undefined,
      "selected": undefined,
    }
  }
  accessibilityValue={
    {
      "max": undefined,
      "min": undefined,
      "now": undefined,
      "text": undefined,
    }
  }
  accessible={true}
  collapsable={false}
  focusable={true}
  onBlur={[Function]}
  onClick={[Function]}
  onFocus={[Function]}
  onResponderGrant={[Function]}
  onResponderMove={[Function]}
  onResponderRelease={[Function]}
  onResponderTerminate={[Function]}
  onResponderTerminationRequest={[Function]}
  onStartShouldSetResponder={[Function]}
  style={
    {
      "width": 318,
    }
  }
  testID="button"
>
  <View>
    <Image
      height={180}
      source={
        {
          "testUri": "../../../assets/images/placeholder/imagemd.png",
        }
      }
      style={
        {
          "borderRadius": 12,
        }
      }
      testID="image"
      width={318}
    />
    <Text
      style={
        [
          {
            "fontFamily": "Inter-Bold",
            "fontSize": 10,
          },
          {
            "backgroundColor": "#F2F2F7",
            "borderRadius": 500,
            "justifyContent": "center",
            "paddingHorizontal": 8,
            "paddingVertical": 8,
          },
          {
            "backgroundColor": "#FFFFFF",
            "position": "absolute",
            "right": 12,
            "top": 12,
          },
        ]
      }
      testID="icon-button"
    >
      4.5
    </Text>
  </View>
  <View
    style={
      {
        "alignItems": "center",
        "flexDirection": "row",
        "justifyContent": "space-between",
        "marginTop": 20,
      }
    }
  >
    <View
      style={
        {
          "gap": 4,
        }
      }
    >
      <View
        style={
          {
            "alignItems": "center",
            "flexDirection": "row",
            "gap": 8,
          }
        }
      >
        <Text
          style={
            [
              {
                "fontFamily": "Inter-SemiBold",
                "fontSize": 14,
              },
            ]
          }
        >
          Cozy Coffee
        </Text>
        <RNSVGSvgView
          align="xMidYMid"
          bbHeight={12}
          bbWidth={12}
          fill="#3E9C66"
          focusable={false}
          height={12}
          meetOrSlice={0}
          minX={0}
          minY={0}
          stroke="#3E9C66"
          strokeLinecap="round"
          strokeLinejoin="round"
          strokeWidth={1}
          style={
            [
              {
                "backgroundColor": "transparent",
                "borderWidth": 0,
              },
              {
                "flex": 0,
                "height": 12,
                "width": 12,
              },
            ]
          }
          testID="tooltip-icon"
          vbHeight={24}
          vbWidth={24}
          width={12}
          xmlns="http://www.w3.org/2000/svg"
        >
          <RNSVGGroup
            fill={
              {
                "payload": 4282293350,
                "type": 0,
              }
            }
            propList={
              [
                "fill",
                "stroke",
                "strokeWidth",
                "strokeLinecap",
                "strokeLinejoin",
              ]
            }
            stroke={
              {
                "payload": 4282293350,
                "type": 0,
              }
            }
            strokeLinecap={1}
            strokeLinejoin={1}
            strokeWidth={1}
          >
            <RNSVGCircle
              cx="12"
              cy="12"
              fill={
                {
                  "payload": 4282293350,
                  "type": 0,
                }
              }
              propList={
                [
                  "fill",
                  "stroke",
                  "strokeWidth",
                  "strokeLinecap",
                  "strokeLinejoin",
                ]
              }
              r="10"
              stroke={
                {
                  "payload": 4282293350,
                  "type": 0,
                }
              }
              strokeLinecap={1}
              strokeLinejoin={1}
              strokeWidth={1}
              testID="tooltip-icon"
            />
          </RNSVGGroup>
        </RNSVGSvgView>
      </View>
      <Text
        style={
          [
            {
              "fontFamily": "Inter-SemiBold",
              "fontSize": 12,
            },
            {
              "color": "rgba(0, 0, 0, 0.45)",
            },
          ]
        }
      >
        123 Coffee Lane
      </Text>
    </View>
    <Text
      style={
        [
          {
            "fontFamily": "Inter-Regular",
            "fontSize": 12,
          },
          {
            "backgroundColor": "#F2F2F7",
            "borderRadius": 500,
            "justifyContent": "center",
            "paddingHorizontal": 8,
            "paddingVertical": 8,
          },
        ]
      }
      testID="icon-button"
    >
      $$
    </Text>
  </View>
</View>
`;
