// Jest Snapshot v1, https://goo.gl/fbAQLP

exports[`Tooltip Component matches snapshot 1`] = `
<View
  accessibilityState={
    {
      "busy": undefined,
      "checked": undefined,
      "disabled": undefined,
      "expanded": undefined,
      "selected": undefined,
    }
  }
  accessibilityValue={
    {
      "max": undefined,
      "min": undefined,
      "now": undefined,
      "text": undefined,
    }
  }
  accessible={true}
  collapsable={false}
  focusable={true}
  onClick={[Function]}
  onResponderGrant={[Function]}
  onResponderMove={[Function]}
  onResponderRelease={[Function]}
  onResponderTerminate={[Function]}
  onResponderTerminationRequest={[Function]}
  onStartShouldSetResponder={[Function]}
  style={
    {
      "alignItems": "center",
      "backgroundColor": "#F2F2F7",
      "borderRadius": 500,
      "flexDirection": "row",
      "gap": 4,
      "opacity": 1,
      "paddingHorizontal": 16,
      "paddingVertical": 10,
    }
  }
  testID="tooltip-container"
>
  <Text
    style={
      [
        {
          "fontFamily": "Inter-SemiBold",
          "fontSize": 12,
        },
        {
          "color": "#000000",
        },
        false,
      ]
    }
  >
    Snapshot Tooltip
  </Text>
  <RNSVGSvgView
    align="xMidYMid"
    bbHeight={16}
    bbWidth={16}
    fill="none"
    focusable={false}
    height={16}
    meetOrSlice={0}
    minX={0}
    minY={0}
    stroke="#000000"
    strokeLinecap="round"
    strokeLinejoin="round"
    strokeWidth={2.8}
    style={
      [
        {
          "backgroundColor": "transparent",
          "borderWidth": 0,
        },
        {
          "flex": 0,
          "height": 16,
          "width": 16,
        },
      ]
    }
    testID="chevron-down"
    vbHeight={24}
    vbWidth={24}
    width={16}
    xmlns="http://www.w3.org/2000/svg"
  >
    <RNSVGGroup
      fill={null}
      propList={
        [
          "fill",
          "stroke",
          "strokeWidth",
          "strokeLinecap",
          "strokeLinejoin",
        ]
      }
      stroke={
        {
          "payload": 4278190080,
          "type": 0,
        }
      }
      strokeLinecap={1}
      strokeLinejoin={1}
      strokeWidth={2.8}
    >
      <RNSVGPath
        d="m6 9 6 6 6-6"
        fill={null}
        propList={
          [
            "fill",
            "stroke",
            "strokeWidth",
            "strokeLinecap",
            "strokeLinejoin",
          ]
        }
        stroke={
          {
            "payload": 4278190080,
            "type": 0,
          }
        }
        strokeLinecap={1}
        strokeLinejoin={1}
        strokeWidth={2.8}
        testID="chevron-down"
      />
    </RNSVGGroup>
  </RNSVGSvgView>
</View>
`;
